<html>
<body>
<pre>
<h1>礦ision Build Log</h1>
<h2>Tool Versions:</h2>
IDE-Version: μVision V5.21.1.0
Copyright (C) 2016 ARM Ltd and ARM Germany GmbH. All rights reserved.
License Information: 32 luminghua, Hewlett-Packard, LIC=7YKY8-32IX9-791G1-C9SVL-R27WJ-KNL6Y
 
Tool Versions:
Toolchain:       MDK-ARM Professional  Version: 5.21a
Toolchain Path:  D:\002program files\keil5.2\ARM\ARMCC\Bin
C Compiler:      Armcc.exe V5.06 update 3 (build 300)
Assembler:       Armasm.exe V5.06 update 3 (build 300)
Linker/Locator:  ArmLink.exe V5.06 update 3 (build 300)
Library Manager: ArmAr.exe V5.06 update 3 (build 300)
Hex Converter:   FromElf.exe V5.06 update 3 (build 300)
CPU DLL:         SARMCM3.DLL V5.21a
Dialog DLL:      DCM.DLL V1.13.8.0
Target DLL:      STLink\ST-LINKIII-KEIL_SWO.dll V2.0.18.0
Dialog DLL:      TCM.DLL V1.14.14.0
 
<h2>Project:</h2>
G:\AA-四旋翼\002-STM32资料\STM32原子哥探索者\A盘\4，程序源码\2，标准例程-库函数版本\2，标准例程-库函数版本\实验9 PWM输出实验-亦客\pwm_led_zd\USER\PWM.uvprojx
Project File Date:  04/16/2018

<h2>Output:</h2>
*** Using Compiler 'V5.06 update 3 (build 300)', folder: 'D:\002program files\keil5.2\ARM\ARMCC\Bin'
Build target 'PWM'
compiling main.c...
main.c(18): warning:  #177-D: variable "led0pwmval" was declared but never referenced
  	u16 led0pwmval=0;    
main.c(19): warning:  #177-D: variable "dir" was declared but never referenced
  	u8 dir=1;
main.c: 2 warnings, 0 errors
compiling music.c...
linking...
Program Size: Code=8662 RO-data=1602 RW-data=48 ZI-data=1832  
FromELF: creating hex file...
"..\OBJ\PWM.axf" - 0 Error(s), 2 Warning(s).

<h2>Software Packages used:</h2>

Package Vendor: ARM
                http://www.keil.com/pack/ARM.CMSIS.4.1.1.pack
                ARM::CMSIS:CORE:3.30.0
                CMSIS (Cortex Microcontroller Software Interface Standard)
   * Component: CORE Version: 3.30.0

<h2>Collection of Component include folders:</h2>
  G:\AA-四旋翼\002-STM32资料\STM32原子哥探索者\A盘\4，程序源码\2，标准例程-库函数版本\2，标准例程-库函数版本\实验9 PWM输出实验-亦客\pwm_led_zd\USER\RTE
  D:\002program files\keil5.2\ARM\PACK\ARM\CMSIS\4.1.1\CMSIS\Include
  D:\002program files\keil5.2\ARM\PACK\Keil\STM32F4xx_DFP\2.11.0\Drivers\CMSIS\Device\ST\STM32F4xx\Include

<h2>Collection of Component Files used:</h2>

   * Component: ARM::CMSIS:CORE:3.30.0
      Source file:   CMSIS\UserCodeTemplates\ARM\ITM_Retarget.c
Build Time Elapsed:  00:00:01
</pre>
</body>
</html>
